// Jest Snapshot v1, https://goo.gl/fbAQLP

exports[`renders correctly 1`] = `
<div>
  <table>
    <thead>
      <tr>
        <th>
          Name
           
        </th>
        <th>
          Age
           
        </th>
        <th>
          Height
           
        </th>
      </tr>
    </thead>
  </table>
</div>
`;
