// Jest Snapshot v1, https://goo.gl/fbAQLP

exports[`renders correctly 1`] = `
<div>
  <table>
    <thead>
      <tr>
        <th>
          Name
           
        </th>
        <th>
          Age
           
        </th>
        <th>
          Height
           
        </th>
      </tr>
    </thead>
    <tbody>
      <tr>
        <td>
          Russell
        </td>
        <td>
          25
        </td>
        <td>
          5'7"
        </td>
      </tr>
      <tr>
        <td>
          Tommy
        </td>
        <td>
          30
        </td>
        <td>
          6'3"
        </td>
      </tr>
      <tr>
        <td>
          Jennifer
        </td>
        <td>
          46
        </td>
        <td>
          5'8"
        </td>
      </tr>
    </tbody>
  </table>
</div>
`;
